// Vitest Snapshot v1, https://vitest.dev/guide/snapshot.html

exports[`icons 导出面 > 导出名集合稳定（C14 简化不得增删导出） 1`] = `
[
  "AgentIcon",
  "ArchiveFileIcon",
  "AttachmentIcon",
  "AudioFileIcon",
  "BookIcon",
  "BrainIcon",
  "ChartIcon",
  "ChatIcon",
  "ClipboardIcon",
  "ClockIcon",
  "CodeFileIcon",
  "CommandIcon",
  "DataFileIcon",
  "DebugIcon",
  "DocFileIcon",
  "ErrorIcon",
  "FolderIcon",
  "GlobeIcon",
  "GroupIcon",
  "ImageFileIcon",
  "InfoIcon",
  "KeyboardIcon",
  "LayoutIcon",
  "LinkIcon",
  "LoadingIcon",
  "MediaFileIcon",
  "OutputIcon",
  "PaletteFileIcon",
  "PauseIcon",
  "PluginIcon",
  "RefreshIcon",
  "RemoveIcon",
  "ScriptFileIcon",
  "SettingsIcon",
  "SkillIcon",
  "SpaceKeyIcon",
  "SplitIcon",
  "SuccessIcon",
  "TargetIcon",
  "TextFileIcon",
  "ThinkingIcon",
  "ToolIcon",
  "UserCommandIcon",
  "VideoFileIcon",
  "WarningIcon",
  "WebFileIcon",
]
`;
